174257926100638314876052425938288990179940382488888565404441043948645667002539519063005007675758899619738201363424833867818522476253357456617885785908054258430376730303977581957047262607428037180000033193921174058078841955518788324651950873138752950716256655084743295771151430719458684246801307888679846825564768399047444154020923277149198509730486087795505415318663175926984297377276536576778079808888759750969870731637307639741066783632121662207440951578302452457247249246506811251026121636061074273892618669041261611995178172624615724928931922343213431719344004541459567931738519141068577725675507555552365550729901300700093912424259080705744847707902758251547481923967205701651651266235764366295417348768358820202328060760165620581011567560904191353674582549753332484629835385519054040341571600928292298986054766244705296541254811762819849801234827702678985348800388403425446229802792061071062429
