1919193030303030303030303030303030303030303030303030303030