954527775465122004546937346598205367987885031625986260532659789404629503346435705089865727288509052244506536604803401537565630500984786907547515444418165016960340711687471609070943333139309379288928696651919461782512382409870929930527877943430054208822837809081743694277381740672939584335685100983667363331170857800997594669514237820988714718810412918199050302024893810128915884290967033654427859221827850907572999016398066873609141957808156994858407603269438170283353014154172160792655278707775732662249632244
