1510697005: 1011010000010110110100000101101
1510729773: 1011010000010111110100000101101
1510742061: 1011010000011000001100000101101
1510774829: 1011010000011001001100000101101
