21: 10101
27: 11011
31: 11111
33: 100001
45: 101101
