511: 111111111
513: 1000000001
561: 1000110001
585: 1001001001
