1406357289
1430952867
1460357289
4106357289
4130952867
4160357289
