45612377542163946849601980415232883734140885145731073772306800485909621107138309599964901236761766493873881911024479671