31324669509280316083279711018151125826946483436848443177977231012177501921586332291325484955396204713849
618973105187214010009791135177494064211237682544022022
